// Jest Snapshot v1, https://goo.gl/fbAQLP

exports[`snapshot Pressable 1`] = `
<View
  accessible={true}
  backgroundColor="white"
  collapsable={false}
  focusable={true}
  onBlur={[Function]}
  onClick={[Function]}
  onFocus={[Function]}
  onResponderGrant={[Function]}
  onResponderMove={[Function]}
  onResponderRelease={[Function]}
  onResponderTerminate={[Function]}
  onResponderTerminationRequest={[Function]}
  onStartShouldSetResponder={[Function]}
  style={
    Array [
      Object {
        "backgroundColor": "white",
        "borderColor": "transparent",
        "borderRadius": 6,
        "borderStyle": "solid",
        "borderWidth": 1,
        "paddingBottom": 12,
        "paddingLeft": 12,
        "paddingRight": 12,
        "paddingTop": 12,
      },
      Object {
        "opacity": 1,
      },
    ]
  }
>
  <Text
    color="primary"
    fontFamily="Lato_400Regular"
    fontSize={16}
    style={
      Array [
        Object {
          "color": "green",
          "fontFamily": "Lato_400Regular",
          "fontSize": 16,
          "textAlign": "center",
        },
      ]
    }
    textAlign="center"
  >
    Press me!
  </Text>
</View>
`;
